// Jest Snapshot v1, https://goo.gl/fbAQLP

exports[`matches snapshot 1`] = `
<DocumentFragment>
  <a
    data-testid="anchor"
    href="/exercises"
  />
</DocumentFragment>
`;
